[    0.000000] Initializing cgroup subsys cpuset
[    0.000000] Initializing cgroup subsys cpu
[    0.000000] Initializing cgroup subsys cpuacct
[    0.000000] Linux version 4.4.0-165-generic (buildd@lcy01-amd64-010) (gcc version 5.4.0 20160609 (Ubuntu 5.4.0-6ubuntu1~16.04.10) ) #193-Ubuntu SMP Tue Sep 17 17:42:48 UTC 2019 (Ubuntu 4.4.0-165.193-generic 4.4.189)
[    0.000000] KERNEL supported cpus:
[    0.000000]   Intel GenuineIntel
[    0.000000]   AMD AuthenticAMD
[    0.000000]   NSC Geode by NSC
[    0.000000]   Cyrix CyrixInstead
[    0.000000]   Centaur CentaurHauls
[    0.000000]   Transmeta GenuineTMx86
[    0.000000]   Transmeta TransmetaCPU
[    0.000000]   UMC UMC UMC UMC
[    0.000000] x86/fpu: xstate_offset[2]:  576, xstate_sizes[2]:  256
[    0.000000] x86/fpu: Supporting XSAVE feature 0x01: 'x87 floating point registers'
[    0.000000] x86/fpu: Supporting XSAVE feature 0x02: 'SSE registers'
[    0.000000] x86/fpu: Supporting XSAVE feature 0x04: 'AVX registers'
[    0.000000] x86/fpu: Enabled xstate features 0x7, context size is 832 bytes, using 'standard' format.
[    0.000000] e820: BIOS-provided physical RAM map:
[    0.000000] BIOS-e820: [mem 0x0000000000000000-0x000000000009fbff] usable
[    0.000000] BIOS-e820: [mem 0x000000000009fc00-0x000000000009ffff] reserved
[    0.000000] BIOS-e820: [mem 0x00000000000f0000-0x00000000000fffff] reserved
[    0.000000] BIOS-e820: [mem 0x0000000000100000-0x000000003ffeffff] usable
[    0.000000] BIOS-e820: [mem 0x000000003fff0000-0x000000003fffffff] ACPI data
[    0.000000] BIOS-e820: [mem 0x00000000fec00000-0x00000000fec00fff] reserved
[    0.000000] BIOS-e820: [mem 0x00000000fee00000-0x00000000fee00fff] reserved
[    0.000000] BIOS-e820: [mem 0x00000000fffc0000-0x00000000ffffffff] reserved
[    0.000000] NX (Execute Disable) protection: active
[    0.000000] SMBIOS 2.5 present.
[    0.000000] Hypervisor detected: KVM
[    0.000000] e820: last_pfn = 0x3fff0 max_arch_pfn = 0x1000000
[    0.000000] MTRR: Disabled
[    0.000000] x86/PAT: MTRRs disabled, skipping PAT initialization too.
[    0.000000] CPU MTRRs all blank - virtualized system.
[    0.000000] x86/PAT: Configuration [0-7]: WB  WT  UC- UC  WB  WT  UC- UC  
[    0.000000] found SMP MP-table at [mem 0x0009fff0-0x0009ffff] mapped at [c009fff0]
[    0.000000] Scanning 1 areas for low memory corruption
[    0.000000] RAMDISK: [mem 0x3630c000-0x3717dfff]
[    0.000000] ACPI: Early table checksum verification disabled
[    0.000000] ACPI: RSDP 0x00000000000E0000 000024 (v02 VBOX  )
[    0.000000] ACPI: XSDT 0x000000003FFF0030 00003C (v01 VBOX   VBOXXSDT 00000001 ASL  00000061)
[    0.000000] ACPI: FACP 0x000000003FFF00F0 0000F4 (v04 VBOX   VBOXFACP 00000001 ASL  00000061)
[    0.000000] ACPI: DSDT 0x000000003FFF0470 0022EA (v02 VBOX   VBOXBIOS 00000002 INTL 20100528)
[    0.000000] ACPI: FACS 0x000000003FFF0200 000040
[    0.000000] ACPI: FACS 0x000000003FFF0200 000040
[    0.000000] ACPI: APIC 0x000000003FFF0240 00005C (v02 VBOX   VBOXAPIC 00000001 ASL  00000061)
[    0.000000] ACPI: SSDT 0x000000003FFF02A0 0001CC (v01 VBOX   VBOXCPUT 00000002 INTL 20100528)
[    0.000000] 131MB HIGHMEM available.
[    0.000000] 891MB LOWMEM available.
[    0.000000]   mapped low ram: 0 - 37bfe000
[    0.000000]   low ram: 0 - 37bfe000
[    0.000000] kvm-clock: Using msrs 4b564d01 and 4b564d00
[    0.000000] kvm-clock: cpu 0, msr 0:37bfd001, primary cpu clock
[    0.000000] kvm-clock: using sched offset of 4453239265 cycles
[    0.000000] clocksource: kvm-clock: mask: 0xffffffffffffffff max_cycles: 0x1cd42e4dffb, max_idle_ns: 881590591483 ns
[    0.000000] Zone ranges:
[    0.000000]   DMA      [mem 0x0000000000001000-0x0000000000ffffff]
[    0.000000]   Normal   [mem 0x0000000001000000-0x0000000037bfdfff]
[    0.000000]   HighMem  [mem 0x0000000037bfe000-0x000000003ffeffff]
[    0.000000] Movable zone start for each node
[    0.000000] Early memory node ranges
[    0.000000]   node   0: [mem 0x0000000000001000-0x000000000009efff]
[    0.000000]   node   0: [mem 0x0000000000100000-0x000000003ffeffff]
[    0.000000] Initmem setup node 0 [mem 0x0000000000001000-0x000000003ffeffff]
[    0.000000] Using APIC driver default
[    0.000000] ACPI: PM-Timer IO Port: 0x4008
[    0.000000] IOAPIC[0]: apic_id 2, version 32, address 0xfec00000, GSI 0-23
[    0.000000] ACPI: INT_SRC_OVR (bus 0 bus_irq 0 global_irq 2 dfl dfl)
[    0.000000] ACPI: INT_SRC_OVR (bus 0 bus_irq 9 global_irq 9 low level)
[    0.000000] Using ACPI (MADT) for SMP configuration information
[    0.000000] smpboot: Allowing 2 CPUs, 0 hotplug CPUs
[    0.000000] PM: Registered nosave memory: [mem 0x00000000-0x00000fff]
[    0.000000] PM: Registered nosave memory: [mem 0x0009f000-0x0009ffff]
[    0.000000] PM: Registered nosave memory: [mem 0x000a0000-0x000effff]
[    0.000000] PM: Registered nosave memory: [mem 0x000f0000-0x000fffff]
[    0.000000] e820: [mem 0x40000000-0xfebfffff] available for PCI devices
[    0.000000] Booting paravirtualized kernel on KVM
[    0.000000] clocksource: refined-jiffies: mask: 0xffffffff max_cycles: 0xffffffff, max_idle_ns: 7645519600211568 ns
[    0.000000] setup_percpu: NR_CPUS:8 nr_cpumask_bits:8 nr_cpu_ids:2 nr_node_ids:1
[    0.000000] PERCPU: Embedded 19 pages/cpu @f71b0000 s47372 r0 d30452 u77824
[    0.000000] Built 1 zonelists in Zone order, mobility grouping on.  Total pages: 259800
[    0.000000] Kernel command line: BOOT_IMAGE=/boot/vmlinuz-4.4.0-165-generic root=UUID=b8099a9e-98bd-444e-ab16-117213ecce41 ro console=tty1 console=ttyS0
[    0.000000] PID hash table entries: 4096 (order: 2, 16384 bytes)
[    0.000000] Dentry cache hash table entries: 131072 (order: 7, 524288 bytes)
[    0.000000] Inode-cache hash table entries: 65536 (order: 6, 262144 bytes)
[    0.000000] Initializing CPU#0
[    0.000000] Initializing HighMem for node 0 (00037bfe:0003fff0)
[    0.000000] Initializing Movable for node 0 (00000000:00000000)
[    0.000000] Memory: 1007924K/1048120K available (8126K kernel code, 789K rwdata, 3208K rodata, 940K init, 784K bss, 40196K reserved, 0K cma-reserved, 135112K highmem)
[    0.000000] virtual kernel memory layout:
[    0.000000]     fixmap  : 0xfff15000 - 0xfffff000   ( 936 kB)
[    0.000000]     pkmap   : 0xffc00000 - 0xffe00000   (2048 kB)
[    0.000000]     vmalloc : 0xf83fe000 - 0xffbfe000   ( 120 MB)
[    0.000000]     lowmem  : 0xc0000000 - 0xf7bfe000   ( 891 MB)
[    0.000000]       .init : 0xc1bdb000 - 0xc1cc6000   ( 940 kB)
[    0.000000]       .data : 0xc17eff48 - 0xc1bd9580   (4005 kB)
[    0.000000]       .text : 0xc1000000 - 0xc17eff48   (8127 kB)
[    0.000000] Checking if this processor honours the WP bit even in supervisor mode...Ok.
[    0.000000] SLUB: HWalign=64, Order=0-3, MinObjects=0, CPUs=2, Nodes=1
[    0.000000] Hierarchical RCU implementation.
[    0.000000] 	Build-time adjustment of leaf fanout to 32.
[    0.000000] 	RCU restricting CPUs from NR_CPUS=8 to nr_cpu_ids=2.
[    0.000000] RCU: Adjusting geometry for rcu_fanout_leaf=32, nr_cpu_ids=2
[    0.000000] NR_IRQS:2304 nr_irqs:440 16
[    0.000000] Console: colour VGA+ 80x25
[    0.000000] console [tty1] enabled
[    0.000000] console [ttyS0] enabled
[    0.000000] allocated 1048576 bytes of page_ext
[    0.000000] tsc: Detected 2207.996 MHz processor
[    0.407473] Calibrating delay loop (skipped) preset value.. 4415.99 BogoMIPS (lpj=8831984)
[    0.410115] pid_max: default: 32768 minimum: 301
[    0.411413] ACPI: Core revision 20150930
[    0.416569] ACPI: 2 ACPI AML tables successfully acquired and loaded
[    0.420133] Security Framework initialized
[    0.422406] Yama: becoming mindful.
[    0.424473] AppArmor: AppArmor initialized
[    0.427254] Mount-cache hash table entries: 2048 (order: 1, 8192 bytes)
[    0.430542] Mountpoint-cache hash table entries: 2048 (order: 1, 8192 bytes)
[    0.434135] Initializing cgroup subsys io
[    0.436437] Initializing cgroup subsys memory
[    0.438826] Initializing cgroup subsys devices
[    0.441207] Initializing cgroup subsys freezer
[    0.443645] Initializing cgroup subsys net_cls
[    0.446029] Initializing cgroup subsys perf_event
[    0.449081] Initializing cgroup subsys net_prio
[    0.451518] Initializing cgroup subsys hugetlb
[    0.453859] Initializing cgroup subsys pids
[    0.460334] mce: CPU supports 0 MCE banks
[    0.462576] Last level iTLB entries: 4KB 64, 2MB 8, 4MB 8
[    0.465314] Last level dTLB entries: 4KB 64, 2MB 0, 4MB 0, 1GB 4
[    0.468387] Spectre V1 : Mitigation: usercopy/swapgs barriers and __user pointer sanitization
[    0.473080] Spectre V2 : Mitigation: Full generic retpoline
[    0.475935] Spectre V2 : Spectre v2 / SpectreRSB mitigation: Filling RSB on context switch
[    0.480313] Speculative Store Bypass: Vulnerable
[    0.483031] MDS: Vulnerable: Clear CPU buffers attempted, no microcode
[    0.495440] Freeing SMP alternatives memory: 36K
[    0.511972] ftrace: allocating 31592 entries in 62 pages
[    0.674749] smpboot: APIC(0) Converting physical 0 to logical package 0
[    0.678097] smpboot: Max logical packages: 1
[    0.680466] Enabling APIC mode:  Flat.  Using 1 I/O APICs
[    0.686854] ..TIMER: vector=0x30 apic1=0 pin1=2 apic2=-1 pin2=-1
[    0.795032] smpboot: CPU0: Intel(R) Core(TM) i7-8750H CPU @ 2.20GHz (family: 0x6, model: 0x9e, stepping: 0xa)
[    0.801240] Performance Events: unsupported p6 CPU model 158 no PMU driver, software events only.
[    0.825526] KVM setup paravirtual spinlock
[    0.829359] x86: Booting SMP configuration:
[    0.831761] .... node  #0, CPUs:      #1
[1266874885.256312] Initializing CPU#1
[    0.835468] kvm-clock: cpu 1, msr 0:37bfd041, secondary cpu clock
[    0.841793] mce: CPU supports 0 MCE banks
[    0.845156] x86: Booted up 1 node, 2 CPUs
[    0.848024] smpboot: Total of 2 processors activated (8831.98 BogoMIPS)
[    0.852683] devtmpfs: initialized
[    0.855108] evm: security.selinux
[    0.857201] evm: security.SMACK64
[    0.859173] evm: security.SMACK64EXEC
[    0.861436] evm: security.SMACK64TRANSMUTE
[    0.863692] evm: security.SMACK64MMAP
[    0.865750] evm: security.ima
[    0.867694] evm: security.capability
[    0.870436] clocksource: jiffies: mask: 0xffffffff max_cycles: 0xffffffff, max_idle_ns: 7645041785100000 ns
[    0.875886] futex hash table entries: 512 (order: 3, 32768 bytes)
[    0.879354] pinctrl core: initialized pinctrl subsystem
[    0.882249] RTC time: 22:01:18, date: 10/08/19
[    0.885028] NET: Registered protocol family 16
[    0.887837] EISA bus registered
[    0.900455] cpuidle: using governor ladder
[    0.913575] cpuidle: using governor menu
[    0.916755] PCCT header not found.
[    0.919794] ACPI: bus type PCI registered
[    0.922924] acpiphp: ACPI Hot Plug PCI Controller Driver version: 0.5
[    0.927881] PCI : PCI BIOS area is rw and x. Use pci=nobios if you want it NX.
[    0.933147] PCI: PCI BIOS revision 2.10 entry at 0xfda26, last bus=0
[    0.937312] PCI: Using configuration type 1 for base access
[    0.959366] ACPI: Added _OSI(Module Device)
[    0.962058] ACPI: Added _OSI(Processor Device)
[    0.965054] ACPI: Added _OSI(3.0 _SCP Extensions)
[    0.968020] ACPI: Added _OSI(Processor Aggregator Device)
[    0.971738] ACPI: Executed 1 blocks of module-level executable AML code
[    0.977583] ACPI: Interpreter enabled
[    0.978602] ACPI: (supports S0 S5)
[    0.979736] ACPI: Using IOAPIC for interrupt routing
[    0.981621] PCI: Using host bridge windows from ACPI; if necessary, use "pci=nocrs" and report a bug
[    1.023810] ACPI: PCI Root Bridge [PCI0] (domain 0000 [bus 00-ff])
[    1.026802] acpi PNP0A03:00: _OSC: OS supports [ASPM ClockPM Segments MSI]
[    1.031022] acpi PNP0A03:00: _OSC: not requesting OS control; OS requires [ExtendedConfig ASPM ClockPM MSI]
[    1.036053] acpi PNP0A03:00: fail to add MMCONFIG information, can't access extended PCI configuration space under this bridge.
[    1.042241] PCI host bridge to bus 0000:00
[    1.044695] pci_bus 0000:00: root bus resource [io  0x0000-0x0cf7 window]
[    1.048041] pci_bus 0000:00: root bus resource [io  0x0d00-0xffff window]
[    1.051276] pci_bus 0000:00: root bus resource [mem 0x000a0000-0x000bffff window]
[    1.055413] pci_bus 0000:00: root bus resource [mem 0x40000000-0xfdffffff window]
[    1.059584] pci_bus 0000:00: root bus resource [bus 00-ff]
[    1.066675] pci 0000:00:01.1: legacy IDE quirk: reg 0x10: [io  0x01f0-0x01f7]
[    1.070083] pci 0000:00:01.1: legacy IDE quirk: reg 0x14: [io  0x03f6]
[    1.073244] pci 0000:00:01.1: legacy IDE quirk: reg 0x18: [io  0x0170-0x0177]
[    1.076607] pci 0000:00:01.1: legacy IDE quirk: reg 0x1c: [io  0x0376]
[    1.106469] pci 0000:00:07.0: quirk: [io  0x4000-0x403f] claimed by PIIX4 ACPI
[    1.110587] pci 0000:00:07.0: quirk: [io  0x4100-0x410f] claimed by PIIX4 SMB
[    1.123517] ACPI: PCI Interrupt Link [LNKA] (IRQs 5 9 10 *11)
[    1.128147] ACPI: PCI Interrupt Link [LNKB] (IRQs 5 9 *10 11)
[    1.132490] ACPI: PCI Interrupt Link [LNKC] (IRQs 5 *9 10 11)
[    1.137022] ACPI: PCI Interrupt Link [LNKD] (IRQs 5 9 10 *11)
[    1.141419] ACPI: Enabled 2 GPEs in block 00 to 07
[    1.144868] vgaarb: setting as boot device: PCI:0000:00:02.0
[    1.147807] vgaarb: device added: PCI:0000:00:02.0,decodes=io+mem,owns=io+mem,locks=none
[    1.152244] vgaarb: loaded
[    1.153989] vgaarb: bridge control possible 0000:00:02.0
[    1.157375] SCSI subsystem initialized
[    1.159827] ACPI: bus type USB registered
[    1.162051] usbcore: registered new interface driver usbfs
[    1.164888] usbcore: registered new interface driver hub
[    1.167676] usbcore: registered new device driver usb
[    1.171001] PCI: Using ACPI for IRQ routing
[    1.173888] NetLabel: Initializing
[    1.176047] NetLabel:  domain hash size = 128
[    1.179012] NetLabel:  protocols = UNLABELED CIPSOv4
[    1.181624] NetLabel:  unlabeled traffic allowed by default
[    1.184935] amd_nb: Cannot enumerate AMD northbridges
[    1.187831] clocksource: Switched to clocksource kvm-clock
[    1.213459] AppArmor: AppArmor Filesystem Enabled
[    1.216191] pnp: PnP ACPI init
[    1.220261] pnp: PnP ACPI: found 3 devices
[    1.222613] PnPBIOS: Disabled by ACPI PNP
[    1.280554] clocksource: acpi_pm: mask: 0xffffff max_cycles: 0xffffff, max_idle_ns: 2085701024 ns
[    1.285265] NET: Registered protocol family 2
[    1.288093] TCP established hash table entries: 8192 (order: 3, 32768 bytes)
[    1.291419] TCP bind hash table entries: 8192 (order: 4, 65536 bytes)
[    1.294561] TCP: Hash tables configured (established 8192 bind 8192)
[    1.297893] UDP hash table entries: 512 (order: 2, 16384 bytes)
[    1.300998] UDP-Lite hash table entries: 512 (order: 2, 16384 bytes)
[    1.304098] NET: Registered protocol family 1
[    1.306505] pci 0000:00:00.0: Limiting direct PCI/PCI transfers
[    1.309530] pci 0000:00:01.0: Activating ISA DMA hang workarounds
[    1.312886] Unpacking initramfs...
[    1.865929] Freeing initrd memory: 14792K
[    1.868360] clocksource: tsc: mask: 0xffffffffffffffff max_cycles: 0x1fd3b426a0c, max_idle_ns: 440795203300 ns
[    1.873560] platform rtc_cmos: registered platform RTC device (no PNP device found)
[    1.877932] Scanning for low memory corruption every 60 seconds
[    1.881654] audit: initializing netlink subsys (disabled)
[    1.884616] audit: type=2000 audit(1570572084.855:1): initialized
[    1.888107] Initialise system trusted keyring
[    1.891226] HugeTLB registered 2 MB page size, pre-allocated 0 pages
[    1.897085] zbud: loaded
[    1.899391] VFS: Disk quotas dquot_6.6.0
[    1.901886] VFS: Dquot-cache hash table entries: 1024 (order 0, 4096 bytes)
[    1.905692] squashfs: version 4.0 (2009/01/31) Phillip Lougher
[    1.911743] fuse init (API version 7.23)
[    1.919021] Key type big_key registered
[    1.921365] Allocating IMA MOK and blacklist keyrings.
[    1.930544] Key type asymmetric registered
[    1.932802] Asymmetric key parser 'x509' registered
[    1.935484] bounce: pool size: 64 pages
[    1.937844] Block layer SCSI generic (bsg) driver version 0.4 loaded (major 249)
[    1.942492] io scheduler noop registered
[    1.944798] io scheduler deadline registered (default)
[    1.947543] io scheduler cfq registered
[    1.950008] pci_hotplug: PCI Hot Plug PCI Core version: 0.5
[    1.952927] pciehp: PCI Express Hot Plug Controller Driver version: 0.4
[    1.956526] ACPI: AC Adapter [AC] (off-line)
[    1.959025] input: Power Button as /devices/LNXSYSTM:00/LNXPWRBN:00/input/input0
[    1.963224] ACPI: Power Button [PWRF]
[    1.965610] input: Sleep Button as /devices/LNXSYSTM:00/LNXSLPBN:00/input/input1
[    1.969955] ACPI: Sleep Button [SLPF]
[    1.974285] ACPI: Battery Slot [BAT0] (battery present)
[    1.977021] GHES: HEST is not enabled!
[    1.979396] isapnp: Scanning for PnP cards...
[    1.984024] Serial: 8250/16550 driver, 32 ports, IRQ sharing enabled
[    2.008792] 00:02: ttyS0 at I/O 0x3f8 (irq = 4, base_baud = 115200) is a 16550A
[    2.015174] Linux agpgart interface v0.103
[    2.020130] loop: module loaded
[    2.023187] scsi host0: ata_piix
[    2.025361] scsi host1: ata_piix
[    2.027364] ata1: PATA max UDMA/33 cmd 0x1f0 ctl 0x3f6 bmdma 0xd000 irq 14
[    2.030757] ata2: PATA max UDMA/33 cmd 0x170 ctl 0x376 bmdma 0xd008 irq 15
[    2.034916] libphy: Fixed MDIO Bus: probed
[    2.037229] tun: Universal TUN/TAP device driver, 1.6
[    2.040052] tun: (C) 1999-2004 Max Krasnyansky <maxk@qualcomm.com>
[    2.043104] PPP generic driver version 2.4.2
[    2.045659] ehci_hcd: USB 2.0 'Enhanced' Host Controller (EHCI) Driver
[    2.048928] ehci-pci: EHCI PCI platform driver
[    2.051594] ehci-platform: EHCI generic platform driver
[    2.054365] ohci_hcd: USB 1.1 'Open' Host Controller (OHCI) Driver
[    2.057459] ohci-pci: OHCI PCI platform driver
[    2.059918] ohci-platform: OHCI generic platform driver
[    2.062581] uhci_hcd: USB Universal Host Controller Interface driver
[    2.065954] i8042: PNP: PS/2 Controller [PNP0303:PS2K,PNP0f03:PS2M] at 0x60,0x64 irq 1,12
[    2.071991] serio: i8042 KBD port at 0x60,0x64 irq 1
[    2.074643] serio: i8042 AUX port at 0x60,0x64 irq 12
[    2.077600] mousedev: PS/2 mouse device common for all mice
[    2.081654] rtc_cmos rtc_cmos: rtc core: registered rtc_cmos as rtc0
[    2.085046] input: AT Translated Set 2 keyboard as /devices/platform/i8042/serio0/input/input2
[    2.089821] rtc_cmos rtc_cmos: alarms up to one day, 114 bytes nvram
[    2.093029] i2c /dev entries driver
[    2.095134] device-mapper: uevent: version 1.0.3
[    2.097776] device-mapper: ioctl: 4.34.0-ioctl (2015-10-28) initialised: dm-devel@redhat.com
[    2.102492] platform eisa.0: Probing EISA bus 0
[    2.104991] platform eisa.0: EISA: Cannot allocate resource for mainboard
[    2.108309] platform eisa.0: Cannot allocate resource for EISA slot 1
[    2.111404] platform eisa.0: Cannot allocate resource for EISA slot 2
[    2.114650] platform eisa.0: Cannot allocate resource for EISA slot 3
[    2.117870] platform eisa.0: Cannot allocate resource for EISA slot 4
[    2.120987] platform eisa.0: Cannot allocate resource for EISA slot 5
[    2.124175] platform eisa.0: Cannot allocate resource for EISA slot 6
[    2.127307] platform eisa.0: Cannot allocate resource for EISA slot 7
[    2.130511] platform eisa.0: Cannot allocate resource for EISA slot 8
[    2.133692] platform eisa.0: EISA: Detected 0 cards
[    2.136276] cpufreq-nforce2: No nForce2 chipset.
[    2.138733] ledtrig-cpu: registered to indicate activity on CPUs
[    2.142202] NET: Registered protocol family 10
[    2.145065] NET: Registered protocol family 17
[    2.147452] Key type dns_resolver registered
[    2.150159] Using IPI No-Shortcut mode
[    2.152793] registered taskstats version 1
[    2.155301] Loading compiled-in X.509 certificates
[    2.162208] Loaded X.509 cert 'Build time autogenerated kernel key: b311e2da653bead7cf3387a5a1ceabc54786708d'
[    2.167378] zswap: loaded using pool lzo/zbud
[    2.173317] Key type trusted registered
[    2.181624] Key type encrypted registered
[    2.183861] AppArmor: AppArmor sha1 policy hashing enabled
[    2.186650] ima: No TPM chip found, activating TPM-bypass!
[    2.189656] ima: Allocated hash algorithm: sha1
[    2.192165] evm: HMAC attrs: 0x1
[    2.194569]   Magic number: 7:920:46
[    2.196893] rtc_cmos rtc_cmos: setting system clock to 2019-10-08 22:01:19 UTC (1570572079)
[    2.201450] BIOS EDD facility v0.16 2004-Jun-25, 0 devices found
[    2.204634] EDD information not available.
[    2.345720] isapnp: No Plug & Play device found
[    2.348966] Freeing unused kernel memory: 940K
[    2.375638] Write protecting the kernel text: 8128k
[    2.378487] Write protecting the kernel read-only data: 3216k
[    2.381714] NX-protecting the kernel data: 6208k
Loading, please wait...
starting version 229
[    2.416170] random: systemd-udevd: uninitialized urandom read (16 bytes read, 4 bits of entropy available)
[    2.417388] random: udevadm: uninitialized urandom read (16 bytes read, 4 bits of entropy available)
[    2.426257] random: systemd-udevd: uninitialized urandom read (16 bytes read, 4 bits of entropy available)
[    2.431401] random: systemd-udevd: uninitialized urandom read (16 bytes read, 4 bits of entropy available)
[    2.441989] random: systemd-udevd: uninitialized urandom read (16 bytes read, 4 bits of entropy available)
[    2.444455] random: udevadm: uninitialized urandom read (16 bytes read, 4 bits of entropy available)
[    2.444554] random: udevadm: uninitialized urandom read (16 bytes read, 4 bits of entropy available)
[    2.444875] random: udevadm: uninitialized urandom read (16 bytes read, 4 bits of entropy available)
[    2.445000] random: udevadm: uninitialized urandom read (16 bytes read, 4 bits of entropy available)
[    2.445119] random: udevadm: uninitialized urandom read (16 bytes read, 4 bits of entropy available)
[    2.554614] e1000: Intel(R) PRO/1000 Network Driver - version 7.3.21-k8-NAPI
[    2.557039] e1000: Copyright (c) 1999-2006 Intel Corporation.
[    2.563190] Fusion MPT base driver 3.04.20
[    2.564552] Copyright (c) 1999-2008 LSI Corporation
[    2.651708] Fusion MPT SPI Host driver 3.04.20
[    2.804001] input: ImExPS/2 Generic Explorer Mouse as /devices/platform/i8042/serio1/input/input4
[    3.066084] e1000 0000:00:03.0 eth0: (PCI:33MHz:32-bit) 02:76:0b:10:b8:88
[    3.069866] e1000 0000:00:03.0 eth0: Intel(R) PRO/1000 Network Connection
[    3.075570] mptbase: ioc0: Initiating bringup
[    3.077075] e1000 0000:00:03.0 enp0s3: renamed from eth0
[    3.152742] ioc0: LSI53C1030 A0: Capabilities={Initiator}
[    3.323823] scsi host2: ioc0: LSI53C1030 A0, FwRev=00000000h, Ports=1, MaxQ=256, IRQ=20
[    3.440798] scsi 2:0:0:0: Direct-Access     VBOX     HARDDISK         1.0  PQ: 0 ANSI: 5
[    3.447549] scsi target2:0:0: Beginning Domain Validation
[    3.457114] scsi target2:0:0: Domain Validation skipping write tests
[    3.461085] scsi target2:0:0: Ending Domain Validation
[    3.464922] scsi target2:0:0: asynchronous
[    3.470010] scsi 2:0:1:0: Direct-Access     VBOX     HARDDISK         1.0  PQ: 0 ANSI: 5
[    3.475680] scsi target2:0:1: Beginning Domain Validation
[    3.484831] scsi target2:0:1: Domain Validation skipping write tests
[    3.488670] scsi target2:0:1: Ending Domain Validation
[    3.492040] scsi target2:0:1: asynchronous
[    3.520338] sd 2:0:0:0: Attached scsi generic sg0 type 0
[    3.523346] sd 2:0:0:0: [sda] 20971520 512-byte logical blocks: (10.7 GB/10.0 GiB)
[    3.528641] sd 2:0:1:0: [sdb] 20480 512-byte logical blocks: (10.5 MB/10.0 MiB)
[    3.533997] sd 2:0:1:0: Attached scsi generic sg1 type 0
[    3.537143] sd 2:0:0:0: [sda] Write Protect is off
[    3.540014] sd 2:0:1:0: [sdb] Write Protect is off
[    3.542756] sd 2:0:0:0: [sda] Incomplete mode parameter data
[    3.545762] sd 2:0:0:0: [sda] Assuming drive cache: write through
[    3.549193] sd 2:0:1:0: [sdb] Incomplete mode parameter data
[    3.552164] sd 2:0:1:0: [sdb] Assuming drive cache: write through
[    3.560238]  sda: sda1
[    3.564352] sd 2:0:0:0: [sda] Attached SCSI disk
[    3.567704] sd 2:0:1:0: [sdb] Attached SCSI disk
Begin: Loading essential drivers ... [    5.586282] md: linear personality registered for level -1
[    5.598127] md: multipath personality registered for level -4
[    5.610210] md: raid0 personality registered for level 0
[    5.627245] md: raid1 personality registered for level 1
[    5.712005] raid6: mmxx1    gen()  2752 MB/s
[    5.780314] raid6: mmxx2    gen()  2774 MB/s
[    5.848634] raid6: sse1x1   gen()  2425 MB/s
[    5.915972] raid6: sse1x2   gen()  3555 MB/s
[    5.984262] raid6: sse2x1   gen()  7917 MB/s
[    6.052648] raid6: sse2x1   xor()  3844 MB/s
[    6.119985] raid6: sse2x2   gen()  5786 MB/s
[    6.188302] raid6: sse2x2   xor()  3937 MB/s
[    6.256610] raid6: avx2x1   gen()  9481 MB/s
[    6.323966] raid6: avx2x2   gen() 10571 MB/s
[    6.326270] raid6: using algorithm avx2x2 gen() 10571 MB/s
[    6.329203] raid6: using avx2x1 recovery algorithm
[    6.338008] xor: automatically using best checksumming function:
[    6.380560]    avx       :  9752.000 MB/sec
[    6.388240] async_tx: api initialized (async)
[    6.435552] md: raid6 personality registered for level 6
[    6.438312] md: raid5 personality registered for level 5
[    6.441129] md: raid4 personality registered for level 4
[    6.464714] md: raid10 personality registered for level 10
done.
Begin: Running /scripts/init-premount ... done.
Begin: Mounting root file system ... Begin: Running /scripts/local-top ... done.
Begin: Running /scripts/local-premount ... [    6.563529] Btrfs loaded
Scanning for Btrfs filesystems
done.
Warning: fsck not present, so skipping root file system
[    6.632342] EXT4-fs (sda1): INFO: recovery required on readonly filesystem
[    6.635586] EXT4-fs (sda1): write access will be enabled during recovery
[    6.646077] EXT4-fs (sda1): orphan cleanup on readonly fs
[    6.650488] EXT4-fs (sda1): 1 orphan inode deleted
[    6.653103] EXT4-fs (sda1): recovery complete
[    6.657018] EXT4-fs (sda1): mounted filesystem with ordered data mode. Opts: (null)
done.
Begin: Running /scripts/local-bottom ... done.
Begin: Running /scripts/init-bottom ... done.
[    6.889520] systemd[1]: systemd 229 running in system mode. (+PAM +AUDIT +SELINUX +IMA +APPARMOR +SMACK +SYSVINIT +UTMP +LIBCRYPTSETUP +GCRYPT +GNUTLS +ACL +XZ -LZ4 +SECCOMP +BLKID +ELFUTILS +KMOD -IDN)
[    6.898656] systemd[1]: Detected virtualization oracle.
[    6.901557] systemd[1]: Detected architecture x86.

Welcome to [1mUbuntu 16.04.6 LTS[0m!

[    6.909693] systemd[1]: Set hostname to <ubuntu-xenial>.
[    7.156111] systemd[1]: Listening on Device-mapper event daemon FIFOs.
[[0;32m  OK  [0m] Listening on Device-mapper event daemon FIFOs.
[    7.161438] systemd[1]: Listening on LVM2 metadata daemon socket.
[[0;32m  OK  [0m] Listening on LVM2 metadata daemon socket.
[    7.175712] systemd[1]: Reached target Encrypted Volumes.
[[0;32m  OK  [0m] Reached target Encrypted Volumes.
[    7.180244] systemd[1]: Reached target Swap.
[[0;32m  OK  [0m] Reached target Swap.
[    7.184251] systemd[1]: Reached target User and Group Name Lookups.
[[0;32m  OK  [0m] Reached target User and Group Name Lookups.
[    7.189687] systemd[1]: Created slice User and Session Slice.
[[0;32m  OK  [0m] Created slice User and Session Slice.
[    7.207542] systemd[1]: Listening on Syslog Socket.
[[0;32m  OK  [0m] Listening on Syslog Socket.
[    7.211837] systemd[1]: Listening on Journal Socket.
[[0;32m  OK  [0m] Listening on Journal Socket.
[    7.216017] systemd[1]: Listening on Journal Socket (/dev/log).
[[0;32m  OK  [0m] Listening on Journal Socket (/dev/log).
[    7.220673] systemd[1]: Listening on udev Kernel Socket.
[[0;32m  OK  [0m] Listening on udev Kernel Socket.
[    7.225661] systemd[1]: Created slice System Slice.
[[0;32m  OK  [0m] Created slice System Slice.
[    7.240771] systemd[1]: Starting Uncomplicated firewall...
         Starting Uncomplicated firewall...
[    7.246716] systemd[1]: Starting Create list of required static device nodes for the current kernel...
         Starting Create list of required st... nodes for the current kernel...
[    7.257217] systemd[1]: Starting Load Kernel Modules...
         Starting Load Kernel Modules...
[    7.262686] systemd[1]: Mounting Debug File System...
         Mounting Debug File System...
[    7.267758] systemd[1]: Created slice system-serial\x2dgetty.slice.
[[0;32m  OK  [0m] Created slice system-serial\x2dgetty.slice.
[    7.275114] systemd[1]: Started Forward Password Requests to Wall Directory Watch.
[[0;32m  OK  [0m] Started Forward Password Requests to Wall Directory Watch.
[    7.295991] Loading iSCSI transport class v2.0-870.
[    7.304759] systemd[1]: Starting Nameserver information manager...
         Starting Nameserver information manager...
[    7.310701] systemd[1]: Started Trigger resolvconf update for networkd DNS.
[[0;32m  OK  [0m] Started Trigger resolvconf update for networkd DNS.
[    7.319227] systemd[1]: Starting Set console keymap...
         Starting Set console keymap...
[    7.330742] systemd[1]: Mounting Huge Pages File System...
         Mounting Huge Pages File System...
[    7.336090] iscsi: registered transport (tcp)
[    7.344894] systemd[1]: Reached target System Time Synchronized.
[[0;32m  OK  [0m] Reached target System Time Synchronized.
[    7.351162] systemd[1]: Starting Remount Root and Kernel File Systems...
         Starting Remount Root and Kernel File Systems...
[    7.366735] systemd[1]: Set up automount Arbitrary Executable File Formats File System Automount Point.
[[0;32m  OK  [0m] Set up automount Arbitrary Executab...ats File System Automount Point.
[    7.380507] systemd[1]: Listening on udev Control Socket.
[[0;32m  OK  [0m] Listening on udev Control Socket.
[    7.386457] EXT4-fs (sda1): re-mounted. Opts: (null)
[    7.386702] systemd[1]: Mounting POSIX Message Queue File System...
         Mounting POSIX Message Queue File System...
[    7.400361] systemd[1]: Listening on Journal Audit Socket.
[[0;32m  OK  [0m] Listening on Journal Audit Socket.
[    7.406072] systemd[1]: Starting Journal Service...
         Starting Journal Service...
[    7.414257] systemd[1]: Reached target Slices.
[[0;32m  OK  [0m] Reached target Slices.
[    7.419925] systemd[1]: Listening on /dev/initctl Compatibility Named Pipe.
[[0;32m  OK  [0m] Listening on /dev/initctl Compatibility Named Pipe.
[    7.425162] systemd[1]: Listening on LVM2 poll daemon socket.
[[0;32m  OK  [0m] Listening on LVM2 poll daemon socket.
[    7.456259] systemd[1]: Starting Monitoring of LVM2 mirrors, snapshots etc. using dmeventd or progress polling...
         Starting Monitoring of LVM2 mirrors... dmeventd or progress polling...
[    7.475611] systemd[1]: Mounted Huge Pages File System.
[[0;32m  OK  [0m] Mounted Huge Pages File System.
[    7.480345] systemd[1]: Mounted Debug File System.
[[0;32m  OK  [0m] Mounted Debug File System.
[    7.493018] systemd[1]: Mounted POSIX Message Queue File System.
[[0;32m  OK  [0m] Mounted POSIX Message Queue File System.
[    7.499135] systemd[1]: Started Uncomplicated firewall.
[[0;32m  OK  [0m] Started Uncomplicated firewall.
[    7.509728] systemd[1]: Started Create list of required static device nodes for the current kernel.
[[0;32m  OK  [0m] Started Create list of required sta...ce nodes for the current kernel.
[    7.541498] random: nonblocking pool is initialized
[    7.541898] systemd[1]: Started Remount Root and Kernel File Systems.
[[0;32m  OK  [0m] Started Remount Root and Kernel File Systems.
[    7.551631] systemd[1]: Started Nameserver information manager.
[[0;32m  OK  [0m] Started Nameserver information manager.
[    7.567858] systemd[1]: Started Journal Service.
[[0;32m  OK  [0m] Started Journal Service.
[[0;32m  OK  [0m] Started Set console keymap.
[    7.596443] iscsi: registered transport (iser)
[[0;32m  OK  [0m] Started Load Kernel Modules.
         Mounting FUSE Control File System...
         Starting Apply Kernel Variables...
[[0;32m  OK  [0m] Started LVM2 metadata daemon.
         Starting Load/Save Random Seed...
         Starting Flush Journal to Persistent Storage...
         Starting udev Coldplug all Devices...
         Starting Create Static Device Nodes in /dev...
[[0;32m  OK  [0m] Mounted FUSE Control File System.
[[0;32m  OK  [0m] Started Apply Kernel Variables.
[[0;32m  OK  [0m] Started Load/Save Random Seed.
[[0;32m  OK  [0m] Started Create Static Device Nodes in /dev.
[[0;32m  OK  [0m] Started Flush Journal to Persistent Storage.
[[0;32m  OK  [0m] Started udev Coldplug all Devices.
         Starting udev Kernel Device Manager...
[[0;32m  OK  [0m] Started udev Kernel Device Manager.
[[0;32m  OK  [0m] Started Dispatch Password Requests to Console Directory Watch.
[[0;32m  OK  [0m] Found device /dev/ttyS0.
[[0;32m  OK  [0m] Started Monitoring of LVM2 mirrors,...ng dmeventd or progress polling.
[[0;32m  OK  [0m] Reached target Local File Systems (Pre).
[[0;32m  OK  [0m] Reached target Local File Systems.
         Starting Initial cloud-init job (pre-networking)...
         Starting LSB: AppArmor initialization...
         Starting Set console font and keymap...
         Starting Tell Plymouth To Write Out Runtime Data...
         Starting Create Volatile Files and Directories...
[[0;32m  OK  [0m] Started Tell Plymouth To Write Out Runtime Data.
[[0;32m  OK  [0m] Listening on Load/Save RF Kill Switch Status /dev/rfkill Watch.
[[0;32m  OK  [0m] Started Create Volatile Files and Directories.
         Starting Update UTMP about System Boot/Shutdown...
[[0;32m  OK  [0m] Started LSB: AppArmor initialization.
[[0;32m  OK  [0m] Started Update UTMP about System Boot/Shutdown.
[[0;32m  OK  [0m] Found device 82540EM Gigabit Ethern...r (PRO/1000 MT Desktop Adapter).
[   10.261829] cloud-init[505]: Cloud-init v. 19.1-1-gbaa47854-0ubuntu1~16.04.1 running 'init-local' at Tue, 08 Oct 2019 22:01:27 +0000. Up 9.45 seconds.
[[0;32m  OK  [0m] Started Initial cloud-init job (pre-networking).
[[0;32m  OK  [0m] Reached target Network (Pre).
[[0;32m  OK  [0m] Started ifup for enp0s3.
         Starting Raise network interfaces...
[[0;32m  OK  [0m] Started Set console font and keymap.
[[0;32m  OK  [0m] Created slice system-getty.slice.
[[0;32m  OK  [0m] Started Raise network interfaces.
         Starting Initial cloud-init job (metadata service crawler)...
[[0;32m  OK  [0m] Reached target Network.
[   12.462888] cloud-init[972]: Cloud-init v. 19.1-1-gbaa47854-0ubuntu1~16.04.1 running 'init' at Tue, 08 Oct 2019 22:01:29 +0000. Up 11.85 seconds.
[   12.464997] cloud-init[972]: ci-info: +++++++++++++++++++++++++++++++++++++Net device info++++++++++++++++++++++++++++++++++++++
[   12.466582] cloud-init[972]: ci-info: +--------+------+---------------------------+---------------+--------+-------------------+
[   12.468373] cloud-init[972]: ci-info: | Device |  Up  |          Address          |      Mask     | Scope  |     Hw-Address    |
[   12.470408] cloud-init[972]: ci-info: +--------+------+---------------------------+---------------+--------+-------------------+
[   12.472392] cloud-init[972]: ci-info: | enp0s3 | True |         10.0.2.15         | 255.255.255.0 | global | 02:76:0b:10:b8:88 |
[   12.474356] cloud-init[972]: ci-info: | enp0s3 | True | fe80::76:bff:fe10:b888/64 |       .       |  link  | 02:76:0b:10:b8:88 |
[   12.485019] cloud-init[972]: ci-info: |   lo   | True |         127.0.0.1         |   255.0.0.0   |  host  |         .         |
[   12.487711] cloud-init[972]: ci-info: |   lo   | True |          ::1/128          |       .       |  host  |         .         |
[   12.496872] cloud-init[972]: ci-info: +--------+------+---------------------------+---------------+--------+-------------------+
[   12.499148] cloud-init[972]: ci-info: +++++++++++++++++++++++++++Route IPv4 info++++++++++++++++++++++++++++
[   12.508503] cloud-init[972]: ci-info: +-------+-------------+----------+---------------+-----------+-------+
[   12.516560] cloud-init[972]: ci-info: | Route | Destination | Gateway  |    Genmask    | Interface | Flags |
[   12.518986] cloud-init[972]: ci-info: +-------+-------------+----------+---------------+-----------+-------+
[   12.529008] cloud-init[972]: ci-info: |   0   |   0.0.0.0   | 10.0.2.2 |    0.0.0.0    |   enp0s3  |   UG  |
[   12.536875] cloud-init[972]: ci-info: |   1   |   10.0.2.0  | 0.0.0.0  | 255.255.255.0 |   enp0s3  |   U   |
[   12.539368] cloud-init[972]: ci-info: +-------+-------------+----------+---------------+-----------+-------+
[   12.541382] cloud-init[972]: ci-info: +++++++++++++++++++Route IPv6 info+++++++++++++++++++
[[0;32m  OK  [0m] Started Initial cloud-init job (metadata service crawler).
[[0;32m  OK  [0m] Reached target Network is Online.
[   12.553337] cloud-init[972]: ci-info: +-------+-------------+---------+-----------+-------+
[   12.557362] cloud-init[972]: ci-info: | Route | Destination | Gateway | Interface | Flags |
[   12.559127] cloud-init[972]: ci-info: +-------+-------------+---------+-----------+-------+
[   12.561012] cloud-init[972]: ci-info: |   0   |  fe80::/64  |    ::   |   enp0s3  |   U   |
[   12.562560] cloud-init[972]: ci-info: |   3   |   ff00::/8  |    ::   |   enp0s3  |   U   |
[   12.564010]          Starting iSCSI initiator daemon (iscsid)...
[[0;32m  OK  [0m] Reached target Cloud-config availability.
[[0;32m  OK  [0m] Reached target System Initialization.
         Starting Socket activation for snappy daemon.
cloud-init[972]: ci-info: +-------+-------------+---------+-----------+-------+
[[0;32m  OK  [0m] Started ACPI Events Check.
[[0;32m  OK  [0m] Reached target Paths.
[[0;32m  OK  [0m] Started Daily Cleanup of Temporary Directories.
[[0;32m  OK  [0m] Listening on D-Bus System Message Bus Socket.
[[0;32m  OK  [0m] Listening on ACPID Listen Socket.
         Starting LXD - unix socket.
[[0;32m  OK  [0m] Started Daily apt download activities.
[[0;32m  OK  [0m] Started Daily apt upgrade and clean activities.
[[0;32m  OK  [0m] Reached target Timers.
[[0;32m  OK  [0m] Listening on UUID daemon activation socket.
[[0;32m  OK  [0m] Listening on Socket activation for snappy daemon.
[[0;32m  OK  [0m] Listening on LXD - unix socket.
[[0;32m  OK  [0m] Started iSCSI initiator daemon (iscsid).
         Starting Login to default iSCSI targets...
[[0;32m  OK  [0m] Reached target Sockets.
[[0;32m  OK  [0m] Reached target Basic System.
         Starting LXD - container startup/shutdown...
[[0;32m  OK  [0m] Started ACPI event daemon.
         Starting Login Service...
         Starting LSB: Record successful boot for GRUB...
[[0;32m  OK  [0m] Started Deferred execution scheduler.
         Starting Snappy daemon...
[[0;32m  OK  [0m] Started D-Bus System Message Bus.
         Starting Virtualbox guest utils...
         Starting System Logging Service...
         Starting /etc/rc.local Compatibility...
         Starting LSB: MD monitoring daemon...
[[0;32m  OK  [0m] Started FUSE filesystem for LXC.
         Starting Accounts Service...
         Starting OpenBSD Secure Shell server...
[[0;32m  OK  [0m] Started Regular background program processing daemon.
[[0;32m  OK  [0m] Started /etc/rc.local Compatibility.
[[0;32m  OK  [0m] Started LXD - container startup/shutdown.
[[0;32m  OK  [0m] Started System Logging Service.
[[0;32m  OK  [0m] Started Login to default iSCSI targets.
[[0;32m  OK  [0m] Started OpenBSD Secure Shell server.
[[0;32m  OK  [0m] Started LSB: Record successful boot for GRUB.
[[0;32m  OK  [0m] Started Snappy daemon.
[[0;32m  OK  [0m] Started LSB: MD monitoring daemon.
[[0;32m  OK  [0m] Started Virtualbox guest utils.
[[0;32m  OK  [0m] Started Login Service.
[[0;32m  OK  [0m] Started Unattended Upgrades Shutdown.
         Starting Authenticate and Authorize Users to Run Privileged Tasks...
         Starting Wait until snapd is fully seeded...
[[0;32m  OK  [0m] Reached target Remote File Systems (Pre).
[[0;32m  OK  [0m] Reached target Remote File Systems.
         Starting LSB: Set the CPU Frequency Scaling governor to "ondemand"...
         Starting LSB: automatic crash report generation...
         Starting LSB: daemon to balance interrupts for SMP systems...
         Starting Permit User Sessions...
[[0;32m  OK  [0m] Started Permit User Sessions.
[[0;32m  OK  [0m] Started Authenticate and Authorize Users to Run Privileged Tasks.
[[0;32m  OK  [0m] Started Accounts Service.
[[0;32m  OK  [0m] Created slice User Slice of vagrant.
         Starting User Manager for UID 1000...
[[0;32m  OK  [0m] Started Session 1 of user vagrant.
         Starting Terminate Plymouth Boot Screen...
         Starting Hold until boot process finishes up...
[[0;32m  OK  [0m] Started Wait until snapd is fully seeded.
[[0;32m  OK  [0m] Started LSB: Set the CPU Frequency Scaling governor to "ondemand".
[[0;32m  OK  [0m] Started Terminate Plymouth Boot Screen.
[[0;32m  OK  [0m] Started Hold until boot process finishes up.
[[0;32m  OK  [0m] Started LSB: daemon to balance interrupts for SMP systems.
[[0;32m  OK  [0m] Started User Manager for UID 1000.
[[0;32m  OK  [0m] Started LSB: automatic crash report generation.
         Starting Set console scheme...
[[0;32m  OK  [0m] Started Serial Getty on ttyS0.
[[0;32m  OK  [0m] Started Getty on tty1.
[[0;32m  OK  [0m] Reached target Login Prompts.
         Starting Apply the settings specified in cloud-config...
[[0;32m  OK  [0m] Reached target Multi-User System.
[[0;32m  OK  [0m] Reached target Graphical Interface.
         Starting Update UTMP about System Runlevel Changes...
[[0;32m  OK  [0m] Started Set console scheme.
[[0;32m  OK  [0m] Started Update UTMP about System Runlevel Changes.
[   15.274736] cloud-init[1246]: Cloud-init v. 19.1-1-gbaa47854-0ubuntu1~16.04.1 running 'modules:config' at Tue, 08 Oct 2019 22:01:32 +0000. Up 15.02 seconds.
[[0;32m  OK  [0m] Started Apply the settings specified in cloud-config.
         Starting Execute cloud user/final scripts...
[   16.825463] cloud-init[1269]: Cloud-init v. 19.1-1-gbaa47854-0ubuntu1~16.04.1 running 'modules:final' at Tue, 08 Oct 2019 22:01:34 +0000. Up 16.43 seconds.
[   16.828943] cloud-init[1269]: Cloud-init v. 19.1-1-gbaa47854-0ubuntu1~16.04.1 finished at Tue, 08 Oct 2019 22:01:34 +0000. Datasource DataSourceNoCloud [seed=/dev/sdb][dsmode=net].  Up 16.80 seconds
[[0;32m  OK  [0m] Started Execute cloud user/final scripts.
[[0;32m  OK  [0m] Reached target Cloud-init target.

Ubuntu 16.04.6 LTS ubuntu-xenial ttyS0

ubuntu-xenial login: 